0 verbose cli D:\Program Files\nodejs\node.exe D:\Program Files\nodejs\node_modules\npm\bin\npm-cli.js
1 info using npm@10.9.3
2 info using node@v22.20.0
3 silly config load:file:D:\Program Files\nodejs\node_modules\npm\npmrc
4 silly config load:file:C:\Users\Lenovo\.npmrc
5 silly config load:file:C:\Users\Lenovo\Desktop\Project\DevProject\%USERPROFILE%\npm\etc\npmrc
6 verbose title npm info @web-types/lit
7 verbose argv "info" "--json" "@web-types/lit"
8 verbose logfile logs-max:10 dir:C:\Users\Lenovo\Desktop\Project\DevProject\%USERPROFILE%\npm-cache\_logs\2025-12-21T02_22_20_089Z-
9 verbose logfile C:\Users\Lenovo\Desktop\Project\DevProject\%USERPROFILE%\npm-cache\_logs\2025-12-21T02_22_20_089Z-debug-0.log
10 silly logfile done cleaning log files
11 http fetch GET 200 https://registry.npmmirror.com/@web-types%2flit 50ms (cache miss)
12 silly view {
12 silly view   '2.0.0-3': {
12 silly view     _attachments: {},
12 silly view     _id: '@web-types/lit@2.0.0-3',
12 silly view     _rev: '1973249-6253e5a8f88a54bb4f2a4cfc',
12 silly view     author: { name: 'JetBrains' },
12 silly view     description: 'Web-types for lit',
12 silly view     'dist-tags': { latest: '2.0.0-3' },
12 silly view     license: 'Apache-2.0',
12 silly view     maintainers: [ [Object] ],
12 silly view     name: '@web-types/lit',
12 silly view     time: {
12 silly view       created: '2022-04-11T08:24:08.049Z',
12 silly view       modified: '2022-04-11T13:00:28.655Z',
12 silly view       '2.0.0-1': '2022-04-11T08:23:25.104Z',
12 silly view       '2.0.0-2': '2022-04-11T11:15:00.445Z',
12 silly view       '2.0.0-3': '2022-04-11T11:27:24.319Z'
12 silly view     },
12 silly view     versions: [ '2.0.0-1', '2.0.0-2', '2.0.0-3' ],
12 silly view     _source_registry_name: 'default',
12 silly view     _contentLength: 3521,
12 silly view     version: '2.0.0-3',
12 silly view     keywords: [ 'web-types', 'lit' ],
12 silly view     repository: {
12 silly view       type: 'git',
12 silly view       url: 'git+https://github.com/JetBrains/web-types.git'
12 silly view     },
12 silly view     'web-types': 'lit.web-types.json',
12 silly view     gitHead: '971fc5ec1a0bc511c8cde98b66e13beea3d10cba',
12 silly view     bugs: { url: 'https://github.com/JetBrains/web-types/issues' },
12 silly view     homepage: 'https://github.com/JetBrains/web-types#readme',
12 silly view     _nodeVersion: '16.13.1',
12 silly view     _npmVersion: '8.1.2',
12 silly view     dist: {
12 silly view       integrity: 'sha512-vZG6zfQ8+gM5Qsv0D5k9X8f/cBqk3y8qhgy0y5g+or+hi3PH6UNNMBMd6QRrlBZUoXCXR/cpVvfPTDj9w5FlwQ==',
12 silly view       shasum: 'dc7c7d6d3500b1dd298d86fc130ba84670e1d609',
12 silly view       tarball: 'https://registry.npmmirror.com/@web-types/lit/-/lit-2.0.0-3.tgz',
12 silly view       fileCount: 4,
12 silly view       unpackedSize: 6695,
12 silly view       signatures: [Array],
12 silly view       'npm-signature': '-----BEGIN PGP SIGNATURE-----\r\n' +
12 silly view         'Version: OpenPGP.js v4.10.10\r\n' +
12 silly view         'Comment: https://openpgpjs.org\r\n' +
12 silly view         '\r\n' +
12 silly view         'wsFzBAEBCAAGBQJiVBCcACEJED1NWxICdlZqFiEECWMYAoorWMhJKdjhPU1b\r\n' +
12 silly view         'EgJ2VmokjQ//Sd2XSl3AEKVwyKS8s2fQ/Yv72R6bO83RplG2oAK1BIw6hkTZ\r\n' +
12 silly view         'kOh4OSLMlkbWBfZ1oBIGk5QTd7Y94lwoJUtrm1sCJcg1o6A3Ph5rNysmKG0J\r\n' +
12 silly view         'USLMHrNNsHNfbJqUuH/zfEWlTE5JFKYCpFbZUj/+td3usQ8JUTSVeL9ssywT\r\n' +
12 silly view         'iw//qZS4l1vdmCKzcI7FVPL6CUsuXDRqFVlThaNeEW71D8uOrwZt4+hk3lSs\r\n' +
12 silly view         '1VF5qVDyDnrKJwvzJsQnLx6frB3CFyDrIA9FMpbfKjHc6Zb/smWcEKke5o4i\r\n' +
12 silly view         'ieErMLcAvuEu6GBnDeWtu6fB9hVbW677pmRfiLBTj2NGRqPxAM9pXVnZto9G\r\n' +
12 silly view         '+nahrRtOH3sQSKYyYp7li14wNWk5os5xBc7DNF/vhFvE5hQqgWGjYanvvIfg\r\n' +
12 silly view         's4NZegl5dpgrT4JPoe251wZA93QbtThf1pbRo2SgCfTdZrji+wBd61jf4wOY\r\n' +
12 silly view         'f/evdhc+qB6ioFJqAZgT2eCwmf2S12/ziFe+BCBaLO4Cm8TE+hG01Ki+SV6p\r\n' +
12 silly view         'mDNh7tkJbL4DDIU1wZnlximvBFmf+//1NUXw4wryBirT4zm4Xx+1TiKcG12t\r\n' +
12 silly view         '7wWU4FiXhuW2DgoRaapX5heTWrdAgS1rvfAPiHYlcfuzxu3KXxiiOsx6BPPq\r\n' +
12 silly view         'RUZODy9XCIaEs2b3Av99ULAvBoxemMmhB4k=\r\n' +
12 silly view         '=Hvm6\r\n' +
12 silly view         '-----END PGP SIGNATURE-----\r\n',
12 silly view       size: 1782
12 silly view     },
12 silly view     _npmUser: { name: 'piotr.tomiak', email: 'piotr.tomiak@jetbrains.com' },
12 silly view     directories: {},
12 silly view     _npmOperationalInternal: {
12 silly view       host: 's3://npm-registry-packages',
12 silly view       tmp: 'tmp/lit_2.0.0-3_1649676444185_0.4454335298323493'
12 silly view     },
12 silly view     _hasShrinkwrap: false,
12 silly view     _cnpmcore_publish_time: '2022-04-11T13:00:25.592Z'
12 silly view   }
12 silly view }
13 verbose cwd C:\Users\Lenovo\Desktop\Project\DevProject
14 verbose os Windows_NT 10.0.26200
15 verbose node v22.20.0
16 verbose npm  v10.9.3
17 verbose exit 0
18 info ok
